../Core/Src/tim.c:33:6:MX_TIM1_Init	104	static
../Core/Src/tim.c:110:6:MX_TIM3_Init	40	static
../Core/Src/tim.c:149:6:MX_TIM7_Init	24	static
../Core/Src/tim.c:182:6:MX_TIM16_Init	8	static
../Core/Src/tim.c:209:6:HAL_TIM_PWM_MspInit	24	static
../Core/Src/tim.c:229:6:HAL_TIMEx_HallSensor_MspInit	48	static
../Core/Src/tim.c:268:6:HAL_TIM_Base_MspInit	24	static
../Core/Src/tim.c:302:6:HAL_TIM_MspPostInit	48	static
../Core/Src/tim.c:350:6:HAL_TIM_PWM_MspDeInit	16	static
../Core/Src/tim.c:376:6:HAL_TIMEx_HallSensor_MspDeInit	16	static
../Core/Src/tim.c:402:6:HAL_TIM_Base_MspDeInit	16	static
